<?xml version="1.0" encoding="utf-8"?>
<TestRun id="7b3bffad-f6b3-41d9-8f5c-674d8ef12c78" name="v-asaha@TUKVDICGZAOPW03 2024-11-19 21:59:04" runUser="AIRGROUP\v-asaha" xmlns="http://microsoft.com/schemas/VisualStudio/TeamTest/2010">
  <Times creation="2024-11-19T21:59:04.7661294+05:30" queuing="2024-11-19T21:59:04.7661296+05:30" start="2024-11-19T21:58:47.4204519+05:30" finish="2024-11-19T21:59:12.0966379+05:30" />
  <TestSettings name="default" id="e89e62ec-f73f-4460-92a1-9e487c4170c6">
    <Deployment runDeploymentRoot="v-asaha_TUKVDICGZAOPW03_2024-11-19_21_59_04" />
  </TestSettings>
  <Results>
    <UnitTestResult executionId="7adcd98d-c61d-4cf7-ac16-1b9ddd2ff99a" testId="f21902a1-4e95-ef3c-8eb9-d74bb32ee048" testName="Scenario_A2PerformSubtraction(&quot;1&quot;,&quot;-1&quot;,&quot;2&quot;,null)" computerName="TUKVDICGZAOPW03" duration="00:00:00.2036119" startTime="2024-11-19T21:59:04.7812262+05:30" endTime="2024-11-19T21:59:04.9848419+05:30" testType="13cdc9d9-ddb5-4fa4-a97d-d965ccfc6d4b" outcome="Passed" testListId="8c84fa94-04c1-424b-9868-57a2d4851a1d" relativeResultsDirectory="7adcd98d-c61d-4cf7-ac16-1b9ddd2ff99a">
      <Output>
        <StdOut>Given the calculator app is open&#xD;
Calculator app is open.&#xD;
-&gt; done: Feature_A_Steps.GivenTheCalculatorAppIsOpen() (0.0s)&#xD;
When I enter "1" in the first input box&#xD;
Entered 1 in the first input box.&#xD;
-&gt; done: Feature_A_Steps.WhenIEnterInTheFirstInputBox("1") (0.0s)&#xD;
And I enter "-1" in the second input box&#xD;
Entered -1 in the second input box.&#xD;
-&gt; done: Feature_A_Steps.WhenIEnterInTheSecondInputBox("-1") (0.0s)&#xD;
And I select the subtraction operation&#xD;
Selected subtraction operation.&#xD;
-&gt; done: Feature_A_Steps.WhenISelectTheSubtractionOperation() (0.0s)&#xD;
And I click on the calculate button&#xD;
Calculated subtraction: 2&#xD;
-&gt; done: Feature_A_Steps.WhenIClickOnTheCalculateButton() (0.0s)&#xD;
Then the result displayed should be "2"&#xD;
Result verified: 2 is correct.&#xD;
-&gt; done: Feature_A_Steps.ThenTheResultDisplayedShouldBe("2") (0.0s)&#xD;
INFO: AfterScenario hook executed&#xD;
INFO: Cleared browser cookies</StdOut>
      </Output>
    </UnitTestResult>
    <UnitTestResult executionId="35105349-0bbb-400a-863a-9c1abe8cf9e2" testId="b9dc279e-0eb3-654d-c986-1b00d73a8a1e" testName="Scenario_A2PerformSubtraction(&quot;5&quot;,&quot;4&quot;,&quot;-2&quot;,null)" computerName="TUKVDICGZAOPW03" duration="00:00:00.3849800" startTime="2024-11-19T21:59:05.1504759+05:30" endTime="2024-11-19T21:59:05.5354750+05:30" testType="13cdc9d9-ddb5-4fa4-a97d-d965ccfc6d4b" outcome="Failed" testListId="8c84fa94-04c1-424b-9868-57a2d4851a1d" relativeResultsDirectory="35105349-0bbb-400a-863a-9c1abe8cf9e2">
      <Output>
        <StdOut>Given the calculator app is open&#xD;
Calculator app is open.&#xD;
-&gt; done: Feature_A_Steps.GivenTheCalculatorAppIsOpen() (0.0s)&#xD;
When I enter "5" in the first input box&#xD;
Entered 5 in the first input box.&#xD;
-&gt; done: Feature_A_Steps.WhenIEnterInTheFirstInputBox("5") (0.0s)&#xD;
And I enter "4" in the second input box&#xD;
Entered 4 in the second input box.&#xD;
-&gt; done: Feature_A_Steps.WhenIEnterInTheSecondInputBox("4") (0.0s)&#xD;
And I select the subtraction operation&#xD;
Selected subtraction operation.&#xD;
-&gt; done: Feature_A_Steps.WhenISelectTheSubtractionOperation() (0.0s)&#xD;
And I click on the calculate button&#xD;
Calculated subtraction: 1&#xD;
-&gt; done: Feature_A_Steps.WhenIClickOnTheCalculateButton() (0.0s)&#xD;
Then the result displayed should be "-2"&#xD;
-&gt; error: Expected result: -2, but got: 1 (0.1s)&#xD;
INFO: AfterScenario hook executed&#xD;
INFO: Cleared browser cookies</StdOut>
        <ErrorInfo>
          <Message>System.Exception : Expected result: -2, but got: 1</Message>
          <StackTrace>   at iCargoTestLab.StepDefinitions.Feature_A_Steps.ThenTheResultDisplayedShouldBe(String expectedResult) in C:\Users\v-asaha\Automation 2024\Sprint 23\test\iCargoTestLab\StepDefinitions\CalculatorStepDefinitions.cs:line 76&#xD;
   at TechTalk.SpecFlow.Bindings.BindingInvoker.InvokeBinding(IBinding binding, IContextManager contextManager, Object[] arguments, ITestTracer testTracer, TimeSpan&amp; duration)&#xD;
   at TechTalk.SpecFlow.Infrastructure.TestExecutionEngine.ExecuteStepMatch(BindingMatch match, Object[] arguments, TimeSpan&amp; duration)&#xD;
   at TechTalk.SpecFlow.Infrastructure.TestExecutionEngine.ExecuteStep(IContextManager contextManager, StepInstance stepInstance)&#xD;
   at TechTalk.SpecFlow.Infrastructure.TestExecutionEngine.OnAfterLastStep()&#xD;
   at TechTalk.SpecFlow.TestRunner.CollectScenarioErrors()&#xD;
   at iCargoTestLab.Features.Feature_ACalculatorOperationsFeature.ScenarioCleanup()&#xD;
   at iCargoTestLab.Features.Feature_ACalculatorOperationsFeature.Scenario_A2PerformSubtraction(String number1, String number2, String result, String[] exampleTags) in C:\Users\v-asaha\Automation 2024\Sprint 23\test\iCargoTestLab\Features\Calculator.feature:line 25</StackTrace>
        </ErrorInfo>
      </Output>
    </UnitTestResult>
    <UnitTestResult executionId="a64a0ec8-00cf-417b-a0cf-04f55de61b4c" testId="b63269d2-ecd9-ad7d-f26e-fc79290ded77" testName="Scenario_A2PerformSubtraction(&quot;1&quot;,&quot;1&quot;,&quot;0&quot;,null)" computerName="TUKVDICGZAOPW03" duration="00:00:11.0849920" startTime="2024-11-19T21:58:53.5899510+05:30" endTime="2024-11-19T21:59:04.6749476+05:30" testType="13cdc9d9-ddb5-4fa4-a97d-d965ccfc6d4b" outcome="Passed" testListId="8c84fa94-04c1-424b-9868-57a2d4851a1d" relativeResultsDirectory="a64a0ec8-00cf-417b-a0cf-04f55de61b4c">
      <Output>
        <StdOut>INFO: Initializing Chrome WebDriver&#xD;
INFO: Opened Chrome browser&#xD;
Given the calculator app is open&#xD;
Calculator app is open.&#xD;
-&gt; done: Feature_A_Steps.GivenTheCalculatorAppIsOpen() (0.0s)&#xD;
When I enter "1" in the first input box&#xD;
Entered 1 in the first input box.&#xD;
-&gt; done: Feature_A_Steps.WhenIEnterInTheFirstInputBox("1") (0.0s)&#xD;
And I enter "1" in the second input box&#xD;
Entered 1 in the second input box.&#xD;
-&gt; done: Feature_A_Steps.WhenIEnterInTheSecondInputBox("1") (0.0s)&#xD;
And I select the subtraction operation&#xD;
Selected subtraction operation.&#xD;
-&gt; done: Feature_A_Steps.WhenISelectTheSubtractionOperation() (0.0s)&#xD;
And I click on the calculate button&#xD;
Calculated subtraction: 0&#xD;
-&gt; done: Feature_A_Steps.WhenIClickOnTheCalculateButton() (0.0s)&#xD;
Then the result displayed should be "0"&#xD;
Result verified: 0 is correct.&#xD;
-&gt; done: Feature_A_Steps.ThenTheResultDisplayedShouldBe("0") (0.0s)&#xD;
INFO: AfterScenario hook executed&#xD;
INFO: Cleared browser cookies</StdOut>
      </Output>
    </UnitTestResult>
    <UnitTestResult executionId="1e7a4330-f0bd-4309-b859-c1067ade8fd0" testId="cba636d3-2f9b-89bf-0ccb-a2fbd579b3c9" testName="Scenario_B1CheckLoginOptions(&quot;Login with Google&quot;,null)" computerName="TUKVDICGZAOPW03" duration="00:00:00.7368789" startTime="2024-11-19T21:59:09.3181252+05:30" endTime="2024-11-19T21:59:10.0550126+05:30" testType="13cdc9d9-ddb5-4fa4-a97d-d965ccfc6d4b" outcome="Passed" testListId="8c84fa94-04c1-424b-9868-57a2d4851a1d" relativeResultsDirectory="1e7a4330-f0bd-4309-b859-c1067ade8fd0">
      <Output>
        <StdOut>Given the browser is open&#xD;
-&gt; done: UIStepDefinitions.GivenTheBrowserIsOpen() (0.0s)&#xD;
When the groq console login page is displayed&#xD;
-&gt; done: UIStepDefinitions.WhenTheGroqConsoleLoginPageIsDisplayed() (0.7s)&#xD;
Then button with the "Login with Google" label exists&#xD;
Button with label 'Login with Google' was not found.&#xD;
-&gt; done: UIStepDefinitions.ThenButtonWithTheLabelExists("Login with Google") (0.0s)&#xD;
INFO: AfterScenario hook executed&#xD;
INFO: Cleared browser cookies</StdOut>
      </Output>
    </UnitTestResult>
    <UnitTestResult executionId="9785f8be-be6e-451f-9d73-04c33f8d5e1c" testId="d090d34e-a96b-82c3-7343-67b4039d75ef" testName="Scenario_B1CheckLoginOptions(&quot;Login with Email&quot;,null)" computerName="TUKVDICGZAOPW03" duration="00:00:03.6973980" startTime="2024-11-19T21:59:05.6175347+05:30" endTime="2024-11-19T21:59:09.3149767+05:30" testType="13cdc9d9-ddb5-4fa4-a97d-d965ccfc6d4b" outcome="Passed" testListId="8c84fa94-04c1-424b-9868-57a2d4851a1d" relativeResultsDirectory="9785f8be-be6e-451f-9d73-04c33f8d5e1c">
      <Output>
        <StdOut>Given the browser is open&#xD;
-&gt; done: UIStepDefinitions.GivenTheBrowserIsOpen() (0.2s)&#xD;
When the groq console login page is displayed&#xD;
-&gt; done: UIStepDefinitions.WhenTheGroqConsoleLoginPageIsDisplayed() (3.5s)&#xD;
Then button with the "Login with Email" label exists&#xD;
Button with label 'Login with Email' was not found.&#xD;
-&gt; done: UIStepDefinitions.ThenButtonWithTheLabelExists("Login with Email") (0.0s)&#xD;
INFO: AfterScenario hook executed&#xD;
INFO: Cleared browser cookies</StdOut>
      </Output>
    </UnitTestResult>
    <UnitTestResult executionId="b4e26fb9-a7d4-49b7-b6c9-7cc9b58139f5" testId="e4645930-e7ca-5928-3494-5a094e1cfe44" testName="Scenario_B1CheckLoginOptions(&quot;Login with GitHub&quot;,null)" computerName="TUKVDICGZAOPW03" duration="00:00:00.7499169" startTime="2024-11-19T21:59:10.0784774+05:30" endTime="2024-11-19T21:59:10.8284045+05:30" testType="13cdc9d9-ddb5-4fa4-a97d-d965ccfc6d4b" outcome="Passed" testListId="8c84fa94-04c1-424b-9868-57a2d4851a1d" relativeResultsDirectory="b4e26fb9-a7d4-49b7-b6c9-7cc9b58139f5">
      <Output>
        <StdOut>Given the browser is open&#xD;
-&gt; done: UIStepDefinitions.GivenTheBrowserIsOpen() (0.0s)&#xD;
When the groq console login page is displayed&#xD;
-&gt; done: UIStepDefinitions.WhenTheGroqConsoleLoginPageIsDisplayed() (0.5s)&#xD;
Then button with the "Login with GitHub" label exists&#xD;
Button with label 'Login with GitHub' was not found.&#xD;
-&gt; done: UIStepDefinitions.ThenButtonWithTheLabelExists("Login with GitHub") (0.0s)&#xD;
INFO: AfterScenario hook executed&#xD;
INFO: Cleared browser cookies</StdOut>
      </Output>
    </UnitTestResult>
    <UnitTestResult executionId="54de7e28-d730-4687-bc6a-c707683753dd" testId="4854db85-0c51-3f1c-8141-f76024c02764" testName="Scenario_A2PerformSubtraction(&quot;2&quot;,&quot;4&quot;,&quot;-2&quot;,null)" computerName="TUKVDICGZAOPW03" duration="00:00:00.0592980" startTime="2024-11-19T21:59:05.0189853+05:30" endTime="2024-11-19T21:59:05.0782863+05:30" testType="13cdc9d9-ddb5-4fa4-a97d-d965ccfc6d4b" outcome="Passed" testListId="8c84fa94-04c1-424b-9868-57a2d4851a1d" relativeResultsDirectory="54de7e28-d730-4687-bc6a-c707683753dd">
      <Output>
        <StdOut>Given the calculator app is open&#xD;
Calculator app is open.&#xD;
-&gt; done: Feature_A_Steps.GivenTheCalculatorAppIsOpen() (0.0s)&#xD;
When I enter "2" in the first input box&#xD;
Entered 2 in the first input box.&#xD;
-&gt; done: Feature_A_Steps.WhenIEnterInTheFirstInputBox("2") (0.0s)&#xD;
And I enter "4" in the second input box&#xD;
Entered 4 in the second input box.&#xD;
-&gt; done: Feature_A_Steps.WhenIEnterInTheSecondInputBox("4") (0.0s)&#xD;
And I select the subtraction operation&#xD;
Selected subtraction operation.&#xD;
-&gt; done: Feature_A_Steps.WhenISelectTheSubtractionOperation() (0.0s)&#xD;
And I click on the calculate button&#xD;
Calculated subtraction: -2&#xD;
-&gt; done: Feature_A_Steps.WhenIClickOnTheCalculateButton() (0.0s)&#xD;
Then the result displayed should be "-2"&#xD;
Result verified: -2 is correct.&#xD;
-&gt; done: Feature_A_Steps.ThenTheResultDisplayedShouldBe("-2") (0.0s)&#xD;
INFO: AfterScenario hook executed&#xD;
INFO: Cleared browser cookies</StdOut>
      </Output>
    </UnitTestResult>
  </Results>
  <TestDefinitions>
    <UnitTest name="Scenario_A2PerformSubtraction(&quot;2&quot;,&quot;4&quot;,&quot;-2&quot;,null)" storage="c:\users\v-asaha\automation 2024\sprint 23\test\icargotestlab\bin\debug\net6.0\icargotestlab.dll" id="4854db85-0c51-3f1c-8141-f76024c02764">
      <Execution id="54de7e28-d730-4687-bc6a-c707683753dd" />
      <TestMethod codeBase="C:\Users\v-asaha\Automation 2024\Sprint 23\test\iCargoTestLab\bin\Debug\net6.0\iCargoTestLab.dll" adapterTypeName="executor://nunit3testexecutor/" className="iCargoTestLab.Features.Feature_ACalculatorOperationsFeature" name="Scenario_A2PerformSubtraction(&quot;2&quot;,&quot;4&quot;,&quot;-2&quot;,null)" />
    </UnitTest>
    <UnitTest name="Scenario_B1CheckLoginOptions(&quot;Login with Email&quot;,null)" storage="c:\users\v-asaha\automation 2024\sprint 23\test\icargotestlab\bin\debug\net6.0\icargotestlab.dll" id="d090d34e-a96b-82c3-7343-67b4039d75ef">
      <Execution id="9785f8be-be6e-451f-9d73-04c33f8d5e1c" />
      <TestMethod codeBase="C:\Users\v-asaha\Automation 2024\Sprint 23\test\iCargoTestLab\bin\Debug\net6.0\iCargoTestLab.dll" adapterTypeName="executor://nunit3testexecutor/" className="iCargoTestLab.Features.Feature_BGroqConsoleLoginFeature" name="Scenario_B1CheckLoginOptions(&quot;Login with Email&quot;,null)" />
    </UnitTest>
    <UnitTest name="Scenario_B1CheckLoginOptions(&quot;Login with Google&quot;,null)" storage="c:\users\v-asaha\automation 2024\sprint 23\test\icargotestlab\bin\debug\net6.0\icargotestlab.dll" id="cba636d3-2f9b-89bf-0ccb-a2fbd579b3c9">
      <Execution id="1e7a4330-f0bd-4309-b859-c1067ade8fd0" />
      <TestMethod codeBase="C:\Users\v-asaha\Automation 2024\Sprint 23\test\iCargoTestLab\bin\Debug\net6.0\iCargoTestLab.dll" adapterTypeName="executor://nunit3testexecutor/" className="iCargoTestLab.Features.Feature_BGroqConsoleLoginFeature" name="Scenario_B1CheckLoginOptions(&quot;Login with Google&quot;,null)" />
    </UnitTest>
    <UnitTest name="Scenario_B1CheckLoginOptions(&quot;Login with GitHub&quot;,null)" storage="c:\users\v-asaha\automation 2024\sprint 23\test\icargotestlab\bin\debug\net6.0\icargotestlab.dll" id="e4645930-e7ca-5928-3494-5a094e1cfe44">
      <Execution id="b4e26fb9-a7d4-49b7-b6c9-7cc9b58139f5" />
      <TestMethod codeBase="C:\Users\v-asaha\Automation 2024\Sprint 23\test\iCargoTestLab\bin\Debug\net6.0\iCargoTestLab.dll" adapterTypeName="executor://nunit3testexecutor/" className="iCargoTestLab.Features.Feature_BGroqConsoleLoginFeature" name="Scenario_B1CheckLoginOptions(&quot;Login with GitHub&quot;,null)" />
    </UnitTest>
    <UnitTest name="Scenario_A2PerformSubtraction(&quot;1&quot;,&quot;1&quot;,&quot;0&quot;,null)" storage="c:\users\v-asaha\automation 2024\sprint 23\test\icargotestlab\bin\debug\net6.0\icargotestlab.dll" id="b63269d2-ecd9-ad7d-f26e-fc79290ded77">
      <Execution id="a64a0ec8-00cf-417b-a0cf-04f55de61b4c" />
      <TestMethod codeBase="C:\Users\v-asaha\Automation 2024\Sprint 23\test\iCargoTestLab\bin\Debug\net6.0\iCargoTestLab.dll" adapterTypeName="executor://nunit3testexecutor/" className="iCargoTestLab.Features.Feature_ACalculatorOperationsFeature" name="Scenario_A2PerformSubtraction(&quot;1&quot;,&quot;1&quot;,&quot;0&quot;,null)" />
    </UnitTest>
    <UnitTest name="Scenario_A2PerformSubtraction(&quot;5&quot;,&quot;4&quot;,&quot;-2&quot;,null)" storage="c:\users\v-asaha\automation 2024\sprint 23\test\icargotestlab\bin\debug\net6.0\icargotestlab.dll" id="b9dc279e-0eb3-654d-c986-1b00d73a8a1e">
      <Execution id="35105349-0bbb-400a-863a-9c1abe8cf9e2" />
      <TestMethod codeBase="C:\Users\v-asaha\Automation 2024\Sprint 23\test\iCargoTestLab\bin\Debug\net6.0\iCargoTestLab.dll" adapterTypeName="executor://nunit3testexecutor/" className="iCargoTestLab.Features.Feature_ACalculatorOperationsFeature" name="Scenario_A2PerformSubtraction(&quot;5&quot;,&quot;4&quot;,&quot;-2&quot;,null)" />
    </UnitTest>
    <UnitTest name="Scenario_A2PerformSubtraction(&quot;1&quot;,&quot;-1&quot;,&quot;2&quot;,null)" storage="c:\users\v-asaha\automation 2024\sprint 23\test\icargotestlab\bin\debug\net6.0\icargotestlab.dll" id="f21902a1-4e95-ef3c-8eb9-d74bb32ee048">
      <Execution id="7adcd98d-c61d-4cf7-ac16-1b9ddd2ff99a" />
      <TestMethod codeBase="C:\Users\v-asaha\Automation 2024\Sprint 23\test\iCargoTestLab\bin\Debug\net6.0\iCargoTestLab.dll" adapterTypeName="executor://nunit3testexecutor/" className="iCargoTestLab.Features.Feature_ACalculatorOperationsFeature" name="Scenario_A2PerformSubtraction(&quot;1&quot;,&quot;-1&quot;,&quot;2&quot;,null)" />
    </UnitTest>
  </TestDefinitions>
  <TestEntries>
    <TestEntry testId="f21902a1-4e95-ef3c-8eb9-d74bb32ee048" executionId="7adcd98d-c61d-4cf7-ac16-1b9ddd2ff99a" testListId="8c84fa94-04c1-424b-9868-57a2d4851a1d" />
    <TestEntry testId="b9dc279e-0eb3-654d-c986-1b00d73a8a1e" executionId="35105349-0bbb-400a-863a-9c1abe8cf9e2" testListId="8c84fa94-04c1-424b-9868-57a2d4851a1d" />
    <TestEntry testId="b63269d2-ecd9-ad7d-f26e-fc79290ded77" executionId="a64a0ec8-00cf-417b-a0cf-04f55de61b4c" testListId="8c84fa94-04c1-424b-9868-57a2d4851a1d" />
    <TestEntry testId="cba636d3-2f9b-89bf-0ccb-a2fbd579b3c9" executionId="1e7a4330-f0bd-4309-b859-c1067ade8fd0" testListId="8c84fa94-04c1-424b-9868-57a2d4851a1d" />
    <TestEntry testId="d090d34e-a96b-82c3-7343-67b4039d75ef" executionId="9785f8be-be6e-451f-9d73-04c33f8d5e1c" testListId="8c84fa94-04c1-424b-9868-57a2d4851a1d" />
    <TestEntry testId="e4645930-e7ca-5928-3494-5a094e1cfe44" executionId="b4e26fb9-a7d4-49b7-b6c9-7cc9b58139f5" testListId="8c84fa94-04c1-424b-9868-57a2d4851a1d" />
    <TestEntry testId="4854db85-0c51-3f1c-8141-f76024c02764" executionId="54de7e28-d730-4687-bc6a-c707683753dd" testListId="8c84fa94-04c1-424b-9868-57a2d4851a1d" />
  </TestEntries>
  <TestLists>
    <TestList name="Results Not in a List" id="8c84fa94-04c1-424b-9868-57a2d4851a1d" />
    <TestList name="All Loaded Results" id="19431567-8539-422a-85d7-44ee4e166bda" />
  </TestLists>
  <ResultSummary outcome="Failed">
    <Counters total="7" executed="7" passed="6" failed="1" error="0" timeout="0" aborted="0" inconclusive="0" passedButRunAborted="0" notRunnable="0" notExecuted="0" disconnected="0" warning="0" completed="0" inProgress="0" pending="0" />
    <Output>
      <StdOut>NUnit Adapter 4.1.0.0: Test execution started&#xD;
Running selected tests in C:\Users\v-asaha\Automation 2024\Sprint 23\test\iCargoTestLab\bin\Debug\net6.0\iCargoTestLab.dll&#xD;
   NUnit3TestExecutor discovered 7 of 7 NUnit test cases using Current Discovery mode, Non-Explicit run&#xD;
INFO: Initializing Chrome WebDriver&#xD;
INFO: Opened Chrome browser&#xD;
Given the calculator app is open&#xD;
Calculator app is open.&#xD;
-&gt; done: Feature_A_Steps.GivenTheCalculatorAppIsOpen() (0.0s)&#xD;
When I enter "1" in the first input box&#xD;
Entered 1 in the first input box.&#xD;
-&gt; done: Feature_A_Steps.WhenIEnterInTheFirstInputBox("1") (0.0s)&#xD;
And I enter "1" in the second input box&#xD;
Entered 1 in the second input box.&#xD;
-&gt; done: Feature_A_Steps.WhenIEnterInTheSecondInputBox("1") (0.0s)&#xD;
And I select the subtraction operation&#xD;
Selected subtraction operation.&#xD;
-&gt; done: Feature_A_Steps.WhenISelectTheSubtractionOperation() (0.0s)&#xD;
And I click on the calculate button&#xD;
Calculated subtraction: 0&#xD;
-&gt; done: Feature_A_Steps.WhenIClickOnTheCalculateButton() (0.0s)&#xD;
Then the result displayed should be "0"&#xD;
Result verified: 0 is correct.&#xD;
-&gt; done: Feature_A_Steps.ThenTheResultDisplayedShouldBe("0") (0.0s)&#xD;
INFO: AfterScenario hook executed&#xD;
INFO: Cleared browser cookies&#xD;
&#xD;
Given the calculator app is open&#xD;
Calculator app is open.&#xD;
-&gt; done: Feature_A_Steps.GivenTheCalculatorAppIsOpen() (0.0s)&#xD;
When I enter "1" in the first input box&#xD;
Entered 1 in the first input box.&#xD;
-&gt; done: Feature_A_Steps.WhenIEnterInTheFirstInputBox("1") (0.0s)&#xD;
And I enter "-1" in the second input box&#xD;
Entered -1 in the second input box.&#xD;
-&gt; done: Feature_A_Steps.WhenIEnterInTheSecondInputBox("-1") (0.0s)&#xD;
And I select the subtraction operation&#xD;
Selected subtraction operation.&#xD;
-&gt; done: Feature_A_Steps.WhenISelectTheSubtractionOperation() (0.0s)&#xD;
And I click on the calculate button&#xD;
Calculated subtraction: 2&#xD;
-&gt; done: Feature_A_Steps.WhenIClickOnTheCalculateButton() (0.0s)&#xD;
Then the result displayed should be "2"&#xD;
Result verified: 2 is correct.&#xD;
-&gt; done: Feature_A_Steps.ThenTheResultDisplayedShouldBe("2") (0.0s)&#xD;
INFO: AfterScenario hook executed&#xD;
INFO: Cleared browser cookies&#xD;
&#xD;
Given the calculator app is open&#xD;
Calculator app is open.&#xD;
-&gt; done: Feature_A_Steps.GivenTheCalculatorAppIsOpen() (0.0s)&#xD;
When I enter "2" in the first input box&#xD;
Entered 2 in the first input box.&#xD;
-&gt; done: Feature_A_Steps.WhenIEnterInTheFirstInputBox("2") (0.0s)&#xD;
And I enter "4" in the second input box&#xD;
Entered 4 in the second input box.&#xD;
-&gt; done: Feature_A_Steps.WhenIEnterInTheSecondInputBox("4") (0.0s)&#xD;
And I select the subtraction operation&#xD;
Selected subtraction operation.&#xD;
-&gt; done: Feature_A_Steps.WhenISelectTheSubtractionOperation() (0.0s)&#xD;
And I click on the calculate button&#xD;
Calculated subtraction: -2&#xD;
-&gt; done: Feature_A_Steps.WhenIClickOnTheCalculateButton() (0.0s)&#xD;
Then the result displayed should be "-2"&#xD;
Result verified: -2 is correct.&#xD;
-&gt; done: Feature_A_Steps.ThenTheResultDisplayedShouldBe("-2") (0.0s)&#xD;
INFO: AfterScenario hook executed&#xD;
INFO: Cleared browser cookies&#xD;
&#xD;
Given the calculator app is open&#xD;
Calculator app is open.&#xD;
-&gt; done: Feature_A_Steps.GivenTheCalculatorAppIsOpen() (0.0s)&#xD;
When I enter "5" in the first input box&#xD;
Entered 5 in the first input box.&#xD;
-&gt; done: Feature_A_Steps.WhenIEnterInTheFirstInputBox("5") (0.0s)&#xD;
And I enter "4" in the second input box&#xD;
Entered 4 in the second input box.&#xD;
-&gt; done: Feature_A_Steps.WhenIEnterInTheSecondInputBox("4") (0.0s)&#xD;
And I select the subtraction operation&#xD;
Selected subtraction operation.&#xD;
-&gt; done: Feature_A_Steps.WhenISelectTheSubtractionOperation() (0.0s)&#xD;
And I click on the calculate button&#xD;
Calculated subtraction: 1&#xD;
-&gt; done: Feature_A_Steps.WhenIClickOnTheCalculateButton() (0.0s)&#xD;
Then the result displayed should be "-2"&#xD;
-&gt; error: Expected result: -2, but got: 1 (0.1s)&#xD;
INFO: AfterScenario hook executed&#xD;
INFO: Cleared browser cookies&#xD;
&#xD;
Given the browser is open&#xD;
-&gt; done: UIStepDefinitions.GivenTheBrowserIsOpen() (0.2s)&#xD;
When the groq console login page is displayed&#xD;
-&gt; done: UIStepDefinitions.WhenTheGroqConsoleLoginPageIsDisplayed() (3.5s)&#xD;
Then button with the "Login with Email" label exists&#xD;
Button with label 'Login with Email' was not found.&#xD;
-&gt; done: UIStepDefinitions.ThenButtonWithTheLabelExists("Login with Email") (0.0s)&#xD;
INFO: AfterScenario hook executed&#xD;
INFO: Cleared browser cookies&#xD;
&#xD;
Given the browser is open&#xD;
-&gt; done: UIStepDefinitions.GivenTheBrowserIsOpen() (0.0s)&#xD;
When the groq console login page is displayed&#xD;
-&gt; done: UIStepDefinitions.WhenTheGroqConsoleLoginPageIsDisplayed() (0.7s)&#xD;
Then button with the "Login with Google" label exists&#xD;
Button with label 'Login with Google' was not found.&#xD;
-&gt; done: UIStepDefinitions.ThenButtonWithTheLabelExists("Login with Google") (0.0s)&#xD;
INFO: AfterScenario hook executed&#xD;
INFO: Cleared browser cookies&#xD;
&#xD;
Given the browser is open&#xD;
-&gt; done: UIStepDefinitions.GivenTheBrowserIsOpen() (0.0s)&#xD;
When the groq console login page is displayed&#xD;
-&gt; done: UIStepDefinitions.WhenTheGroqConsoleLoginPageIsDisplayed() (0.5s)&#xD;
Then button with the "Login with GitHub" label exists&#xD;
Button with label 'Login with GitHub' was not found.&#xD;
-&gt; done: UIStepDefinitions.ThenButtonWithTheLabelExists("Login with GitHub") (0.0s)&#xD;
INFO: AfterScenario hook executed&#xD;
INFO: Cleared browser cookies&#xD;
&#xD;
NUnit Adapter 4.1.0.0: Test execution complete&#xD;
</StdOut>
    </Output>
  </ResultSummary>
</TestRun>